<!-- wp:group {"layout":{"type":"constrained"}} -->
<div class="wp-block-group"><!-- wp:paragraph -->
<p>Second Paragraph</p>
<!-- /wp:paragraph --></div>
<!-- /wp:group -->

<!-- wp:group {"layout":{"type":"constrained"}} -->
<div class="wp-block-group"><!-- wp:paragraph -->
<p>Third Paragraph</p>
<!-- /wp:paragraph -->

<!-- wp:paragraph -->
<p>First Paragraph</p>
<!-- /wp:paragraph -->

<!-- wp:paragraph -->
<p>Fourth Paragraph</p>
<!-- /wp:paragraph --></div>
<!-- /wp:group -->