<!-- wp:paragraph -->
<p>Second Paragraph</p>
<!-- /wp:paragraph -->

<!-- wp:paragraph -->
<p>First Paragraph</p>
<!-- /wp:paragraph -->